(file package="main"
  (var names=["modified"] static type=(ident "int")
    (int "0")
  )
  (var names=["inferred"] static
    (int "0")
  )
  (var names=["thread"] thread_local type=(ident "int"))
  (var names=["thread_inferred"] thread_local
    (int "0")
  )
  (var names=["type_name"] type=(ident "static"))
  (var names=["other_type_name"] type=(ident "manual"))
  (var names=["manual"] type=(ident "manual")
    (ident "manual")
  )
)
