3
drop 11
3
drop 12
6
drop 22
drop 21
6
drop 24
drop 23
drop 31
3
drop 40
3
drop 41
3
drop 42
drop 51
taken
drop 60
0
drop 61
1
drop 62
drop 70
drop 71
3
drop 81
3
drop 82
drop 83
3
drop 91
drop 92
err
held 1
readable 3
drop held 3
drop held 2
drop held 1
after the block
each 100
drop held 100
each 101
drop held 101
1
end
drop held 9
