.absent
.present(5)
107
200
200
.ratio(2.5)
3
-3
1
0
1
0
1
1
0
1
11
2
21
31
.count(7)
.count(2)
.count(7)
false false
900
.ok(124)
901
.err(Something_Bad)
.ok(20)
.err(converted)
.err(Something_Bad)
.ratio(1.5) .numbers([3, 4]) .ok([5, 6])
.ok(Unit{}) .ok(Unit{}) .ok(Unit{}) true true
8
-1
900
124
901
-1
4
2
16
8
24
8
