L0363
@10:14
`Point` has no field or member `z`
L0376
@11:26
`Point` has 2 fields
L0376
@12:27
field `x` is set twice
L0372
@13:27
a positional element cannot follow a named one
L0361
@16:17
index 4 is out of range for `[4]int`
L0361
@17:17
index -1 is out of range for `[4]int`
L0385
@19:7
needs an expected enum type here
L0363
@23:14
`int` has no field or member `x`
