L0315
@12:28
unknown name `b`
L0322
@17:12
this procedure takes 2 arguments, found 1
L0322
@18:12
this procedure takes 2 arguments, found 3
L0371
@19:22
no parameter named `missing`
L0372
@20:29
a positional argument cannot follow a named one
L0370
@23:10
this parameter is `inout`; write `inout` at the call site
L0359
@24:16
this expression cannot be an `inout` argument
L0370
@25:22
this parameter is not `inout`
