L0526
@7:9
this pointer cannot be returned: `value` ends
L0526
@13:9
this slice cannot be returned: `values` ends
L0526
@19:9
this slice cannot be returned: `values` ends
L0526
@24:9
this pointer cannot be returned: `value` ends
L0526
@30:9
this pointer cannot be returned: `value` ends
L0513
@39:10
this pointer is used after `value`, the local it borrows, has ended
L0526
@45:9
this pointer cannot be returned: `value` ends
L0526
@55:9
this pointer cannot be returned: `value` ends
L0644
@58:34
`value` is written `@(escape=none)`, but the result of `no_escape` may borrow it
