L0640
@16:2
this place is reached through a read-only `^T` and cannot be an assignment destination
L0640
@23:2
L0640
@30:2
this place is reached through a read-only `^T` and cannot be the receiver of a mutating method
L0358
@35:12
a value parameter is immutable and cannot be borrowed with `&mut`
L0478
@40:12
this is read-only storage and cannot be borrowed with `&mut`
L0358
@45:12
a constant cannot be borrowed with `&mut`
L0310
@53:21
cannot initialise `^mut int` with `^int`
L0373
@60:23
`^int` cannot be converted to `^mut int`
L0639
@69:7
`free` needs a mutable allocation pointer, found `^int`
L0641
@79:2
`source` cannot be used here: a read-only reborrow of it is still in use
