L0441
@15:1
compile-time metadata
L0576
@18:24
which file-scope storage cannot do
L0577
@25:17
`int` has no destination allocation to select
L0577
@28:19
`string` has no destination allocation to select
L0576
@30:32
which `static` storage cannot do
L0578
@32:25
a `via` policy names an `Allocator`, found `untyped int`
