L0310
@21:13
cannot pass `Other` with `Handle`
L0310
@22:13
cannot pass `[]int` with `Handle`
L0310
@26:14
cannot pass `Reader` with `Cursor`
L0310
@27:11
cannot pass `^int` with `Cursor`
L0362
@34:6
`Handle` cannot be indexed
L0362
@35:6
`Other` cannot be sliced; a user type needs an `operator([:])` overload
L0456
@36:20
`Handle` is not iterable
