L0513
@34:14
this slice is used after `s`, the local it borrows, has ended
L0513
@47:14
this slice is used after `s`, the local it borrows, has ended
L0513
@58:14
this slice is used after `s`, the local it borrows, has ended
L0513
@70:14
this slice is used after `s`, the local it borrows, has ended
L0513
@81:14
this slice is used after `s`, the local it borrows, has ended
