L0513
@52:14
this slice is used after `s`, the local it borrows, has ended
L0513
@65:14
this slice is used after `s`, the local it borrows, has ended
L0513
@76:14
this slice is used after `s`, the local it borrows, has ended
L0513
@88:14
this slice is used after `s`, the local it borrows, has ended
L0513
@99:14
this slice is used after `s`, the local it borrows, has ended
