L0459
@29:11
`int` has 0 fields
L0459
@30:11
`rune` has 0 fields
L0459
@33:11
`Point` has 2 fields
L0363
@39:16
has no field or member `reversed`
L0363
@42:16
has no field or member `reversed`
L0363
@43:16
has no field or member `reversed`
L0363
@47:16
has no field or member `keys`
L0363
@48:16
has no field or member `rune_offsets`
L0363
@49:16
has no field or member `runes`
L0459
@54:12
`int` has 0 fields
L0456
@57:21
is a type, so it is not iterable; write `.values()` for its members
L0456
@60:16
is not iterable
L0363
@61:16
has no field or member `values`
L0454
@65:12
has 2 fields, so a static `foreach` over it binds 1 or 2 names, not 3
