L0409
@9:16
`Box(int)` gets a member `get` from two `impl` blocks, and neither is more specialized
the other `get` is declared here
L0391
@26:14
method `which` is ambiguous here
no candidate is more specialized than the others
L0363
@28:14
`Pair(int, f64)` has no field or member `same`
L0384
@30:5
in the fields of `Bad(u8)`
