L0409
@8:16
`Box(int)` gets a member `get` from two `impl` blocks, and neither is more specialized
the other `get` is declared here
L0409
@12:22
`Pair(int, int)` gets a member `which` from two `impl` blocks
L0409
@20:19
this block is more specialized, but it is declared after `Late(int)` was first used
L0363
@35:14
`Pair(int, f64)` has no field or member `same`
L0384
@39:5
in the fields of `Bad(u8)`
