L0564
@12:12
a string yields decoded code points, so it cannot be iterated by reference
L0457
@15:2
a map entry is not a mutable element; iterate `map.values()` to mutate values
L0587
@18:8
`in` tests a `map[K]V` for a key, found `[]int`
L0360
@22:12
`Point` has 2 fields, so it fills 2 bindings, not 3
