L0392
@14:2
no overload of `sort` applies to these arguments
L0392
@15:2
no overload of `reverse_sort` applies to these arguments
L0392
@16:2
no overload of `fill` applies to these arguments
L0444
@20:2
does not satisfy `Ordered(Not_Ordered)`
L0434
@23:9
does not satisfy the bound `N > 0`
L0444
@32:2
has an inherent `==` that is not `@(public)`
L0444
@33:6
has an inherent `==` that is not `@(public)`
