L0651
@13:2
`[dynamic]Opaque` cannot be sorted
L0363
@21:2
`[]int` has no field or member `sort`
L0363
@22:2
`[]int` has no field or member `reverse_sort`
L0363
@23:2
`[]int` has no field or member `swap`
L0392
@24:2
no overload of `swap` applies to these arguments
L0512
@32:2
`numbers` cannot be modified here
L0392
@40:2
`sort_by_comparator` does not apply: `No_Comparator` does not satisfy `Comparator(No_Comparator, Opaque)`: `No_Comparator` has no method `call` with this signature
L0392
@41:2
`sort_by_procedure(Opaque)` does not apply: argument 2 is `proc(int, int) -> bool` where `proc(Opaque, Opaque) -> bool` is wanted
