L0416
@17:22
`operator(==)` produces `bool`
L0391
@23:14
`integer_widths` is ambiguous here: 2 candidates are equally good
L0408
@26:7
`length` is a method and must be called
L0425
@29:12
`f64` is not a variant of `Value`
L0427
@31:2
this type switch over `Value` does not cover bool
L0410
@36:7
a conversion to `Vec` takes exactly one plain value argument
