L0394
@19:29
is already a member of this group
L0395
@20:24
unknown name `no_such_procedure` in this procedure group
L0393
@21:25
is not a procedure, so it cannot be a group member
L0391
@26:14
candidate `take_i8`: `proc(i8) -> int`
candidate `take_i16`: `proc(i16) -> int`
no candidate is more specialized than the others
L0391
@31:14
candidate `cross_a`: `proc(rawptr, ^int) -> int`
candidate `cross_b`: `proc(^int, rawptr) -> int`
each of these converts a different argument better than the others, which is ambiguous by design
L0392
@34:14
no overload of `numbers` applies to these arguments
does not apply: argument 1 is `untyped bool` where `int` is wanted
L0396
@37:7
is a procedure group and can only be called
