L0416
@17:22
`operator(==)` produces `bool`
L0391
@23:14
`integer_widths` is ambiguous here: 2 candidates are equally good
L0408
@26:7
`length` is a method and must be called
L0426
@30:7
`Value` has no variant `missing`
L0427
@35:2
this type switch over `Value` does not cover .flag
L0410
@40:7
a conversion to `Vec` takes exactly one plain value argument
