L0442
@10:2
is already a slot of this interface
L0441
@13:8
declares its subject as a generic parameter
L0441
@18:1
compile-time metadata
L0444
@26:14
does not satisfy `Additive(Flag)`
this requirement does not hold
L0444
@27:5
L0443
@28:10
takes 1 argument, found 2
L0445
@30:23
no compiler-supplied `hash`
