L0499
@20:7
so this body does not own it
L0497
@40:7
names a variable; move the owner out of the aggregate first
L0498
@43:7
cannot be applied to file-scope storage
L0500
@28:12
`a` has already been moved or dropped here
L0500
@32:2
`c` has already been moved or dropped here
L0500
@52:12
`d` is only live on some paths that reach here
