L0502
@53:46
`Only` is move-only, so a borrowed value of it cannot be returned by value; return a `move` parameter or a local instead

warning[L0507]: this aggregate literal copies 8 bytes from `self`
@27:18
warning[L0507]: this argument copies 16 bytes from `pair`
@61:22
warning[L0507]: this binding copies 16 bytes from `pair`
@68:12
warning[L0507]: this assignment copies 16 bytes from `pair`
@70:11
warning[L0507]: this binding copies 16 bytes from `pair`
@79:13
warning[L0507]: this aggregate literal copies 16 bytes from `big`
@125:17
warning[L0507]: this variadic argument copies 16 bytes from `big`
@126:11
warning[L0507]: this insertion copies 16 bytes from `big`
@129:18
warning[L0507]: this `or_else` copies 16 bytes from `absent`
@132:12
warning[L0507]: this `or_else` fallback copies 16 bytes from `big`
@132:27
warning[L0507]: this variant construction copies 16 bytes from `big`
@133:36

!:85:6
!:86:6
!:100:19
!:101:20
!L0504
