L0511
@22:14
this read of `xs` is not compatible with the mutable slice of it that is still in use
L0511
@31:2
this write of `xs` is not compatible with the read-only slice of it that is still in use
L0511
@39:9
this write of `p` is not compatible with the mutable pointer of it that is still in use
L0511
@47:11
this write of `p` is not compatible with the mutable pointer of it that is still in use
L0511
@55:2
this write of `xs` is not compatible with the mutable slice of it that is still in use
L0511
@63:15
this read of `c` is not compatible with the mutable pointer of it that is still in use
L0512
@75:2
`xs` cannot be assigned here: a mutable slice of it is still in use
L0512
@82:11
`r` cannot be moved here: a read-only pointer of it is still in use
L0512
@89:2
`r` cannot be dropped here: a read-only pointer of it is still in use
L0512
@96:9
`value` cannot be exchanged here: a read-only pointer of it is still in use
L0513
@107:14
this slice is used after `local`, the local it borrows, has ended
L0512
@115:2
`value` cannot be assigned here: a read-only pointer of it is still in use
L0513
@146:14
this pointer is used after `x`, the local it borrows, has ended
L0513
@152:14
this pointer is used after `x`, the local it borrows, has ended
L0513
@158:14
this pointer is used after `x`, the local it borrows, has ended
