L0511
@9:2
this write of `values` is not compatible with the mutable slice of it that is still in use
L0511
@18:13
this read of `values` is not compatible with the mutable slice of it that is still in use
L0511
@33:38
this write of `values` is not compatible with the read-only slice of it that is still in use
L0514
@46:2
this pointer may designate local
L0511
@57:2
this write of `values` is not compatible with the read-only slice of it that is still in use
L0537
@75:2
this reset would end the region backing `held`, which is still live here
L0538
@86:2
this call may reset a pre-existing or unknown allocator region, so the reset cannot be hidden in this procedure
L0537
@103:2
this reset would end the region backing `result`, which is still live here
L0537
@117:2
this reset would end the region backing `held`, which is still live here
