L0511
@22:14
this read of `xs` is not compatible with the mutable slice of it that is still in use
L0511
@31:2
this write of `xs` is not compatible with the read-only slice of it that is still in use
L0511
@39:9
this write of `p` is not compatible with the mutable pointer of it that is still in use
L0511
@47:11
this write of `p` is not compatible with the mutable pointer of it that is still in use
L0511
@55:2
this write of `xs` is not compatible with the mutable slice of it that is still in use
L0511
@63:15
this read of `c` is not compatible with the mutable pointer of it that is still in use
L0512
@75:2
`xs` cannot be assigned here: a mutable slice of it is still in use
L0512
@82:11
`r` cannot be moved here: a read-only pointer of it is still in use
L0512
@89:2
`r` cannot be dropped here: a read-only pointer of it is still in use
L0512
@96:9
`value` cannot be exchanged here: a read-only pointer of it is still in use
L0513
@107:14
this slice is used after `local`, the local it borrows, has ended
L0514
@114:2
`free` releases an allocation from `new` or `new_clone`; this pointer may designate local
L0512
@119:2
this allocation cannot be released here: a pointer of it is still in use
L0514
@120:2
this allocation has already been released
L0512
@128:2
this allocation cannot be released here: a pointer of it is still in use
L0641
@128:7
`q` cannot be used here: a mutable reborrow of it is still in use
L0512
@137:2
`value` cannot be assigned here: a read-only pointer of it is still in use
L0513
@168:14
this pointer is used after `x`, the local it borrows, has ended
L0513
@174:14
this pointer is used after `x`, the local it borrows, has ended
L0513
@180:14
this pointer is used after `x`, the local it borrows, has ended
