L0511
@9:2
this write of `values` is not compatible with the mutable slice of it that is still in use
L0511
@18:15
this read of `values` is not compatible with the mutable slice of it that is still in use
L0511
@33:38
this write of `values` is not compatible with the read-only slice of it that is still in use
L0511
@45:2
this write of `values` is not compatible with the read-only slice of it that is still in use
L0537
@63:2
this reset would end the region backing `held`, which is still live here
L0538
@74:2
this call may reset a pre-existing or unknown allocator region, so the reset cannot be hidden in this procedure
L0537
@91:2
this reset would end the region backing `result`, which is still live here
L0537
@105:2
this reset would end the region backing `held`, which is still live here
L0537
@115:2
this reset would end the region backing `held`, which is still live here
L0537
@125:2
this reset would end the region backing `held`, which is still live here
