L0526
@21:9
this slice cannot be returned: `local` ends when this procedure returns
L0526
@27:9
this slice cannot be returned: `local` ends when this procedure returns
L0511
@36:2
this write of `numbers` is not compatible with the read-only slice of it that is still in use
L0512
@45:2
`value` cannot be assigned here: a read-only pointer of it is still in use
L0526
@53:9
this slice cannot be returned: `local` ends when this procedure returns
L0526
@63:9
this slice cannot be returned: `local` ends when this procedure returns
L0526
@71:23
this slice cannot be returned: `local` ends when this procedure returns
L0526
@81:10
this slice cannot be returned: `local` ends when this procedure returns
L0526
@94:9
this slice cannot be returned: `numbers` ends when this procedure returns
L0526
@100:9
this slice cannot be returned: `others` ends when this procedure returns
L0526
@110:21
this slice cannot be returned: `numbers` ends when this procedure returns
L0526
@119:9
this slice cannot be returned: `numbers` ends when this procedure returns
L0511
@127:2
this write of `numbers` is not compatible with the read-only slice of it that is still in use
L0526
@136:9
this borrow cannot be returned: `table` ends when this procedure returns
L0526
@145:9
this slice cannot be returned: `local` ends when this procedure returns
L0526
@155:9
this slice cannot be returned: `local` ends when this procedure returns
L0526
@165:21
this slice cannot be returned: `local` ends when this procedure returns
L0526
@179:9
this slice cannot be returned: `local` ends when this procedure returns
L0526
@187:9
this slice cannot be returned: `local` ends when this procedure returns
L0526
@195:9
this slice cannot be returned: `local` ends when this procedure returns
L0526
@206:9
this slice cannot be returned: `local` ends when this procedure returns
L0526
@219:9
this slice cannot be returned: `local` ends when this procedure returns
L0526
@226:9
this slice cannot be returned: `local` ends when this procedure returns
L0526
@233:9
this slice cannot be returned: `local` ends when this procedure returns
L0526
@240:9
this slice cannot be returned: `local` ends when this procedure returns
L0526
@247:9
this slice cannot be returned: `local` ends when this procedure returns
L0526
@254:23
this slice cannot be returned: `local` ends when this procedure returns
L0526
@262:23
this slice cannot be returned: `local` ends when this procedure returns
L0526
@269:9
this slice cannot be returned: `local` ends when this procedure returns
L0526
@279:9
this slice cannot be returned: `local` ends when this procedure returns
L0511
@287:2
this write of `local` is not compatible with the read-only slice of it that is still in use
L0511
@295:2
this write of `local` is not compatible with the read-only slice of it that is still in use
L0526
@304:9
this slice cannot be returned: `local` ends when this procedure returns
L0526
@312:21
this slice cannot be returned: `local` ends when this procedure returns
L0526
@323:9
this slice cannot be returned: `local` ends when this procedure returns
L0526
@338:9
this slice cannot be returned: `local` ends when this procedure returns
L0526
@343:9
this slice cannot be returned: `local` ends when this procedure returns
L0526
@350:9
this slice cannot be returned: `local` ends when this procedure returns
L0526
@355:9
this slice cannot be returned: `local` ends when this procedure returns
L0526
@361:9
this slice cannot be returned: `local` ends when this procedure returns
L0526
@366:9
this slice cannot be returned: `local` ends when this procedure returns
L0526
@375:9
this slice cannot be returned: `local` ends when this procedure returns
L0526
@382:9
this slice cannot be returned: `local` ends when this procedure returns
L0526
@401:23
this slice cannot be returned: `local` ends when this procedure returns
L0512
@413:2
this allocation cannot be released here: a pointer of it is still in use
L0526
@431:9
this slice cannot be returned: `local` ends when this procedure returns
L0526
@445:9
this slice cannot be returned: `local` ends when this procedure returns
L0526
@459:9
this slice cannot be returned: `local` ends when this procedure returns
L0526
@469:9
this slice cannot be returned: `local` ends when this procedure returns
L0526
@476:9
this slice cannot be returned: `local` ends when this procedure returns
L0647
@482:2
this slice borrows `local`, which does not outlive `retained_holders`: process-lifetime storage
L0647
@486:2
this slice borrows `local`, which does not outlive `destination`: storage the caller owns
L0647
@491:2
this slice borrows `local`, which does not outlive `destination`: storage the caller owns
L0646
@497:2
this slice borrows `values`, which is not written `@(escape=stored)`, so it cannot reach `destination`
L0526
@506:9
this slice cannot be returned: `local` ends when this procedure returns
L0526
@513:9
this slice cannot be returned: `local` ends when this procedure returns
L0647
@521:2
this slice borrows `aggregate_tls_numbers`, which does not outlive `aggregate_global_view`: process-lifetime storage
L0647
@529:2
this slice borrows existing content of `unknown_global_holder`, which does not outlive `unknown_global_view`: process-lifetime storage
L0647
@538:2
this pointer borrows this allocation, which does not outlive `retained_allocation`: process-lifetime storage
L0647
@548:2
this pointer borrows this allocation, which does not outlive `region_retained_allocation`: process-lifetime storage
L0647
@559:2
this slice borrows `local`, which does not outlive `distinct_global_holder`: process-lifetime storage
