L0538
@28:2
this resets a region that existed before the call, so the allocator must arrive through an `@(allocator_reset)` parameter
L0538
@34:2
this call may reset `allocator`, so `allocator` must be marked `@(allocator_reset)`
L0538
@39:2
this call may reset `allocator`, so `allocator` must be marked `@(allocator_reset)`
L0537
@46:2
this reset would end the region backing `pointer`, which is still live here
L0537
@54:2
this reset would end the region backing `held`, which is still live here
L0537
@63:2
this reset would end the region backing `pointer`, which is still live here
L0537
@74:2
this reset would end the region backing `pointer`, which is still live here
L0537
@87:3
this reset would end the region backing `pointer`, which is still live here
L0592
@96:9
this result is backed by `arena`, an allocator region that ends when this procedure returns
L0536
@102:2
this value is backed by an allocator region this procedure received, so it cannot be stored in `global_buffer` (file-scope storage), which outlives that region
L0536
@107:2
this value is backed by an allocator region this procedure received, so it cannot be stored in `kept` (`static` storage), which outlives that region
L0539
@111:23
`@(allocator_reset)` marks an `Allocator` parameter whose region a call may end, found `int`
L0310
@118:32
cannot initialise `proc(Allocator)` with `proc(@(allocator_reset) Allocator)`
L0537
@136:3
this reset would end the region backing `xs`, which is still live here
L0536
@149:2
this value is backed by an allocator region this procedure received, so it cannot be stored in `global_holder` (file-scope storage), which outlives that region
L0592
@163:9
this result is backed by `arena`, an allocator region that ends when this procedure returns
