L0574
@6:19
a variadic parameter must be the last one
L0462
@12:45
L0462
@13:47
L0462
@17:1
L0574
@28:18
`..` spreads a `[]int`, found `[]u8`
L0371
@30:30
no parameter named `missing`
L0371
@31:26
`a` is given twice
L0372
@32:37
a positional argument cannot follow a named one
L0371
@34:20
a call through a procedure value cannot use named arguments
L0371
@34:27
a call through a procedure value cannot use named arguments
