L0618
unknown calling convention `fastcall`
@11:16

L0619
`string` is a managed `string`
@12:16

L0619
member `inner.s` of `Nested` is a managed `string`
@13:16

L0619
`[4]i32` is a fixed array (write `[^]T` or `^T` at a C boundary)
@14:16

L0619
`i128` is an integer wider than 64 bits on the Win64 C ABI
@15:16

L0619
`i128` is an integer wider than 64 bits on the Win64 C ABI
@15:16
