L0310
@10:4
cannot look up `string` with `string_view`
L0392
@11:2
`find_or_insert` does not apply: argument 2 is `string_view` where `string` is wanted
L0392
@12:6
`try_insert` does not apply: argument 2 is `string_view` where `string` is wanted
L0392
@15:6
`find` does not apply: argument 2 is `string_view` where `int` is wanted
