L0512
@9:3
`xs` cannot be modified here: a mutable iterator of it is still in use
L0512
@14:12
`iterator` cannot be modified here: a mutable borrow of it is still in use
L0513
@21:14
this pointer is used after `value`, the local it borrows, has ended
L0512
@26:2
`y` cannot be dropped here: a mutable borrow of it is still in use
