L0457
@28:12
`indexed()` over `[dynamic]int` is a read-only view, so it cannot be iterated by reference
L0457
@30:12
`indexed()` over `[dynamic]int` is a read-only view, so it cannot be iterated by reference
L0457
@32:12
a map view is read-only, so it cannot be iterated by reference
L0457
@33:12
`key` is lent read-only, so it cannot be taken by reference
L0457
@37:12
`Lender` cannot be iterated by reference
L0511
@44:7
this read of `values` is not compatible with the mutable slice of it that is still in use
