L0457
@27:12
`indexed()` over `[dynamic]int` is a read-only view, so it cannot be iterated by reference
L0457
@29:12
`indexed()` over `[dynamic]int` is a read-only view, so it cannot be iterated by reference
L0457
@31:12
a map view is read-only, so it cannot be iterated by reference
L0457
@32:12
`key` is lent read-only, so it cannot be taken by reference
L0457
@36:12
`Lender` cannot be iterated by reference
L0511
@43:7
this read of `values` is not compatible with the mutable slice of it that is still in use
