L0310
@17:13
`nil` is not a value of `[]int`
L0310
@18:19
`nil` is not a value of `string_view`
L0310
@19:15
`nil` is not a value of `typeid`
L0310
@20:17
`nil` is not a value of `Allocator`
L0310
@21:23
`nil` is not a value of `Allocator_Error`
L0310
@22:17
`nil` is not a value of `Weak(int)`
L0310
@24:11
`nil` is not a value of `[]int`
L0310
@25:12
`nil` is not a value of `typeid`
L0310
@27:12
`nil` is not a value of `^int`
L0310
@28:16
`nil` is not a value of `^mut int`
L0310
@29:16
`nil` is not a value of `proc(int) -> int`
L0310
@30:17
`nil` is not a value of `dyn Shape`
L0310
@31:20
`nil` is not a value of `cstring_view`
L0310
@32:19
`nil` is not a value of `Shared(int)`
L0424
@33:18
`any_view` has no zero value, so it cannot be produced by `{}`
L0424
@34:22
`Shared(int)` has no zero value, so it cannot be produced by `{}`
L0424
@35:15
`^Node` has no zero value, so it cannot be produced by the omitted field `next`
L0373
@44:14
`untyped nil` cannot be converted to `[]int`
L0373
@45:14
`untyped nil` cannot be converted to `[]int`
L0373
@46:16
`untyped nil` cannot be converted to `Allocator`
L0392
@47:6
no overload of `Taker` applies to these arguments
L0443
@48:26
`nil` is not representable by the interface parameter's type `Allocator`
L0432
@49:13
`nil` is not representable by the generic parameter's type `Allocator_Error`
