L0310
@8:13
`nil` is not a value of `[]int`
L0310
@9:19
`nil` is not a value of `string_view`
L0310
@10:15
`nil` is not a value of `typeid`
L0310
@11:17
`nil` is not a value of `Allocator`
L0310
@12:23
`nil` is not a value of `Allocator_Error`
L0310
@13:17
`nil` is not a value of `Weak(int)`
L0310
@15:11
`nil` is not a value of `[]int`
L0310
@16:12
`nil` is not a value of `typeid`
