L0358
@8:2
a value parameter is immutable and cannot be an assignment destination
L0358
@13:2
a constant cannot be an assignment destination
L0359
@14:2
this expression cannot be an assignment destination
L0359
@15:2
a temporary value cannot be an assignment destination
L0357
@16:7
`&` needs an addressable operand
L0358
@19:32
a `foreach` binding names the element read-only and cannot be an assignment destination
bind it with `&` for mutable traversal
L0358
@22:22
a `switch` binding names storage the subject still owns and cannot be an assignment destination
