L0645
@10:6
inferred contract of `first`
L0645
@13:37
inferred contract of `first`
L0645
@14:40
inferred contract of `first`
L0645
@15:27
inferred contract of `first`
L0310
@16:65
cannot return
L0310
@20:57
proc(^Inline)
L0640
@21:40
read-only `^T`
L0526
@25:9
`value` ends when this procedure returns
L0512
@31:2
`value` cannot be dropped
L0513
@37:14
this temporary has ended
L0645
@44:44
inferred contract of `ordered`
L0645
@49:2
inferred contract of `first`
L0644
@52:35
`value` is written `@(escape=none)`
L0645
@58:50
inferred contract of `choose_region`
L0645
@62:62
inferred contract of `allocate_first`
L0645
@68:6
inferred contract of `first | same`
the result of `second` may borrow `b`, which that contract excludes
L0526
@73:9
L0645
@75:39
the result of `second` may borrow `b`, which `proc([]int, @(escape=none) []int) -> []int` marks `@(escape=none)`
L0645
@77:66
L0526
@80:9
a call through `proc([]int, []int) -> []int` may return a borrow of any argument
