L0526
@12:9
this slice may depend on `local`, which ends when this procedure returns
L0513
@25:14
this slice may be used after `inner`, the local it borrows, has ended
provenance precision limit: fixed arrays longer than 8 elements merge element borrows
this conservative dependency may cause the rejection
