L0640
@8:42
read-only `^T`
L0310
@13:23
cannot initialise `^mut int` with `^int`
L0512
@23:2
`values` cannot be dropped here
L0526
@30:9
`values` ends when this procedure returns
L0513
@36:19
this temporary has ended
L0641
@43:2
a read-only reborrow of it is still in use
L0513
@53:9
this temporary has ended
L0512
@65:3
`values` cannot be modified here: a read-only iterator of it is still in use
L0512
@76:2
`values` cannot be modified here: a read-only iterator of it is still in use
L0690
@84:34
views an element a `foreach` source still owns
