L0700
@10:1
`nil` spells a literal, so it cannot be declared
L0700
@12:30
`true` spells a literal, so it cannot be declared
L0700
@19:2
`false` spells a literal, so it cannot be declared
L0700
@20:11
`nil` spells a literal, so it cannot be declared
L0700
@23:12
`true` spells a literal, so it cannot be declared
L0700
@25:10
`true` spells a literal, so it cannot be declared
L0700
@41:15
`true` spells a literal, so it cannot be declared
L0700
@42:22
`nil` spells a literal, so it cannot be declared
L0700
@43:16
`false` spells a literal, so it cannot be declared
L0700
@44:17
`nil` spells a literal, so it cannot be declared
L0700
@46:14
`true` spells a literal, so it cannot be declared
