L0363
@12:6
`(int, bool)` has no field or member `n`

L0310
@13:26
cannot initialise `(n: int, ok: bool)` with `(int, bool)`

L0310
@14:26
cannot initialise `(m: int, ok: bool)` with `(n: int, ok: bool)`

L0310
@15:29
cannot initialise `proc() -> (int, bool)` with `proc() -> (n: int, ok: bool)

L0306
@17:8
unknown type `a`
parentheses around a comma list describe a record type; a record value is written `{...}`

L0306
@17:11
unknown type `b`

L0354
@18:21
mismatched operand types `(n: int, ok: bool)` and `(int, bool)`
