L0513
@36:14
this string view is used after this temporary has ended
L0513
@36:22
this slice is used after this temporary has ended
L0513
@36:30
this view is used after this temporary has ended
L0513
@36:40
this view is used after this temporary has ended
L0513
@36:51
this string view is used after this temporary has ended
L0513
@36:59
this slice is used after this temporary has ended
L0513
@36:70
this slice is used after this temporary has ended
L0513
@36:83
this slice is used after this temporary has ended
