L0424
@21:1
`Choice` has no zero value, so it cannot be produced by a declaration with static duration
L0424
@22:1
`Wrapped` has no zero value, so it cannot be produced by a declaration with static duration
L0424
@23:1
`[3]Choice` has no zero value, so it cannot be produced by a declaration with static duration
L0424
@31:11
`Choice` has no zero value, so it cannot be produced by the omitted field `choice`
L0424
@32:13
`Choice` has no zero value, so it cannot be produced by the omitted field `choice`
L0424
@33:12
`Holder` has no zero value, so it cannot be produced by the omitted field `held`
L0424
@36:7
`Choice` has no zero value, so it cannot be produced by `new`, which zeroes the allocation
L0424
@37:7
`Named` has no zero value, so it cannot be produced by `new`, which zeroes the allocation
L0424
@41:34
`Choice` has no zero value, so it cannot be produced by a `make` length
L0424
@47:2
`Choice` has no zero value, so it cannot be produced by growing a container
L0424
@51:2
`Choice` has no zero value, so it cannot be produced by a declaration with no initialiser
L0363
@58:58
`Result([dynamic]Choice, Allocator_Error)` has no field or member `len`
