!llvm.dbg.cu = !{!0}
!"CodeView", i32 1}
@loke.p.add(i64 %arg0, i64 %arg1) !dbg !
@loke.p.main() !dbg !
!DISubprogram(name: "add", scope: !*, line: 20,
!DISubprogram(name: "main", scope: !*, line: 24,
!DISubprogram(name: "core:fmt.println",
!DILocation(line: 21, column: 2, scope: !
!DILocation(line: 25, column: 2, scope: !
call i64 @loke.p.add(i64 40, i64 2), !dbg !
declare void @llvm.dbg.declare(metadata, metadata, metadata)
call void @llvm.dbg.declare(metadata ptr %total.*, metadata !*, metadata !DIExpression()), !dbg !
!DILocalVariable(name: "a", arg: 1, scope: !*, line: 20, type: !
!DILocalVariable(name: "b", arg: 2, scope: !*, line: 20, type: !
!DILocalVariable(name: "total", scope: !*, line: 25, type: !
!DILocalVariable(name: "point", scope: !*, line: 26, type: !
!DIBasicType(name: "int", size: 64, encoding: DW_ATE_signed)
!DICompositeType(tag: DW_TAG_structure_type, name: "Point", size: 128, elements: !
!DIDerivedType(tag: DW_TAG_member, name: "next", baseType: !*, size: 64, offset: 64)
!DICompositeType(tag: DW_TAG_enumeration_type, name: "Color", baseType: !*, size: 64, elements: !{!DIEnumerator(name: "Red", value: 0), !DIEnumerator(name: "Green", value: 1)})
!DICompositeType(tag: DW_TAG_structure_type, name: "Shape", size: 128, elements: !
!DIDerivedType(tag: DW_TAG_member, name: "circle", baseType: !*, size: 64, offset: 0)
!DIDerivedType(tag: DW_TAG_member, name: "tag", baseType: !*, size: 8, offset: 64)
!DICompositeType(tag: DW_TAG_structure_type, name: "string", size: 192, elements: !
!DIDerivedType(tag: DW_TAG_member, name: "len", baseType: !*, size: 64, offset: 64)
