!llvm.dbg.cu = !{!0}
!"CodeView", i32 1}
@loke.p.add(i64 %arg0, i64 %arg1) !dbg !
@loke.p.main() !dbg !
!DISubprogram(name: "add", scope: !*, line: 20,
!DISubprogram(name: "main", scope: !*, line: 24,
!DISubprogram(name: "core:fmt.println",
!DILocation(line: 21, column: 2, scope: !
!DILocation(line: 25, column: 2, scope: !
call i64 @loke.p.add(i64 40, i64 2), !dbg !
declare void @llvm.dbg.declare(metadata, metadata, metadata)
call void @llvm.dbg.declare(metadata ptr %total.*, metadata !*, metadata !DIExpression()), !dbg !
!DILocalVariable(name: "a", arg: 1, scope: !*, line: 20, type: !
!DILocalVariable(name: "b", arg: 2, scope: !*, line: 20, type: !
!DILocalVariable(name: "total", scope: !*, line: 25, type: !
!DILocalVariable(name: "point", scope: !*, line: 26, type: !
!DIBasicType(name: "int", size: 64, encoding: DW_ATE_signed)
!DICompositeType(tag: DW_TAG_structure_type, name: "Point", size: 128, elements: !
!DIDerivedType(tag: DW_TAG_member, name: "next", baseType: !*, size: 64, offset: 64)
!DICompositeType(tag: DW_TAG_enumeration_type, name: "Color", baseType: !*, size: 64, elements: !{!DIEnumerator(name: "Red", value: 0), !DIEnumerator(name: "Green", value: 1)})
!DICompositeType(tag: DW_TAG_structure_type, name: "Shape", size: 128, elements: !
!DIDerivedType(tag: DW_TAG_member, name: "circle", baseType: !*, size: 64, offset: 0)
!DIDerivedType(tag: DW_TAG_member, name: "tag", baseType: !*, size: 8, offset: 64)
!DICompositeType(tag: DW_TAG_structure_type, name: "string$", size: 192, elements: !
!DIDerivedType(tag: DW_TAG_member, name: "len", baseType: !*, size: 64, offset: 64)
call void @loke_rt_v1_enable_panic_trace()
call void @loke.p.main() noinline
distinct !DILexicalBlock(scope: !*, file: !*, line: 38, column: 7)
distinct !DILexicalBlock(scope: !*, file: !*, line: 42, column: 7)
!DILocalVariable(name: "i", scope: !*, line: 38, type: !
!DILocalVariable(name: "i", scope: !*, line: 42, type: !
!DILocalVariable(name: "step", scope: !*, line: 43, type: !
retainedTypes: !
!DILocalVariable(name: "ages", scope: !*, line: 52, type: !
distinct !DICompositeType(tag: DW_TAG_structure_type, name: "loke_rt_map_table_v1", size: 576, elements: !
!DIDerivedType(tag: DW_TAG_member, name: "table", baseType: !
!DIDerivedType(tag: DW_TAG_typedef, name: "map$*$key", baseType: !
!DIDerivedType(tag: DW_TAG_typedef, name: "map$*$value", baseType: !
distinct !DICompositeType(tag: DW_TAG_structure_type, name: "any_view", size: 128, elements: !
!DIBasicType(name: "typeid", size: 64, encoding: DW_ATE_unsigned)
!DIDerivedType(tag: DW_TAG_typedef, name: "typeid$*", baseType: !
@loke.w.Sink.Collector = private unnamed_addr constant [1 x ptr] [ ptr @loke.w.Sink.Collector.thunk.0 ], !dbg !
globals: !
distinct !DIGlobalVariable(name: "witness$*", scope: !0, type: !*, isLocal: true, isDefinition: true)
!DIDerivedType(tag: DW_TAG_typedef, name: "witness$*$type", baseType: !
!DILocation(line: 38, column: 15, scope: !
!DILocation(line: 38, column: 22, scope: !
!DILocation(line: 41, column: 2, scope: !
!DILocation(line: 32, column: 1, scope: !
