declare double @sqrt(double)
declare float @sqrtf(float)
declare double @hypot(double, double)
declare float @hypotf(float, float)
declare double @pow(double, double)
declare float @powf(float, float)
declare double @sin(double)
declare float @sinf(float)
declare double @fmod(double, double)
declare float @fmodf(float, float)
declare float @expf(float)
declare float @tanf(float)
declare float @acosf(float)
call double @sqrt(double
call float @sqrtf(float
call double @hypot(double
call float @hypotf(float
call double @fmod(double
call float @fmodf(float
