@loke.w.Drawable.Circle = private unnamed_addr constant [1 x ptr] [ ptr @loke.w.Drawable.Circle.thunk.0 ]
@loke.w.Drawable.Square = private unnamed_addr constant [1 x ptr] [ ptr @loke.w.Drawable.Square.thunk.0 ]
define private i64 @loke.w.Drawable.Circle.thunk.0(ptr %arg0)
define internal i64 @loke.p.statically.Circle
%struct.any_view.
