%struct.Range.int.82 = type { i64, i64, i1 }
%t315 = select i1 false, i1 %t317, i1 %t316
%t336 = insertvalue %struct.Range.int.82 %t335, i1 true, 2
%t347 = select i1 %t341, i1 %t349, i1 %t348
br i1 %t328, label %foreach.done.313, label %foreach.step.329
foreach.head.
foreach.post.
foreach.done.
getelementptr inbounds [3 x i64], ptr
