%struct.Range.int.36 = type { i64, i64, i1 }
%t8 = select i1 false, i1 %t10, i1 %t9
%t24 = insertvalue %struct.Range.int.36 %t23, i1 true, 2
%t35 = select i1 %t29, i1 %t37, i1 %t36
br i1 %t16, label %foreach.done.6, label %foreach.step.17
%t82 = select i1 %t81, i64 %t69, i64 %t79
%t83 = select i1 %t81, i1 false, i1 %t73
foreach.head.
foreach.post.
foreach.done.
getelementptr inbounds [3 x i64], ptr
