insertvalue { %struct.Plain.36, i64 } undef, %struct.Plain.36 %arg0, 0
call { %struct.Plain.36, i64 } @loke.i.Plain.try_clone(%struct.Plain.36 %arg0, ptr %arg1)
clone.failed.
call { %struct.Res.37, i64 } @loke.p.Res.try_clone(
store %struct.Group.38 zeroinitializer, ptr
clone.unwind.
call void @loke.p.Res.drop(ptr
insertvalue { %struct.Group.38, i64 } zeroinitializer, i64
call %struct.Group.38 @loke.i.Group.clone(
