define %union.Result.Plain.Allocator_Error.
@loke.i.Plain.try_clone(%struct.Plain.
clone.failed.
call %union.Result.Res.Allocator_Error.
@loke.i.Res.try_clone(
store %struct.Group.
 zeroinitializer, ptr
clone.unwind.
call void @loke.p.Res.release(ptr
store %union.Result.Group.Allocator_Error.
call %struct.Group.
@loke.i.Group.clone(
