declare i64 @strlen(ptr)
declare i32 @printf(ptr, ...)
declare zeroext i1 @vararg_bool(...)
declare i32 @"?decorated@@YAHXZ"()
declare double @dot(ptr, ptr)
declare void @consume(ptr)
declare ptr @cell()
@errno_value = external global i32
@shared_value = global i32 7
define i32 @"?defined@@YAHXZ"()
call i32 (ptr, ...) @printf(
call zeroext i1 (...) @vararg_bool(
call i32 @"?decorated@@YAHXZ"()
call void %
call ptr @cell()
