declare void @loke_rt_v1_sort(ptr, i64, i64, ptr, i32)
i64 8, ptr @loke.cless.13, i32 0)
i64 8, ptr @loke.cless.13, i32 1)
i64 16, ptr @loke.cless.49, i32 0)
define private i32 @loke.cless.13(ptr %a, ptr %b)
= icmp slt i64 %t
define private i32 @loke.cless.49(ptr %a, ptr %b)
= call i1 @loke.p.Card.before(%struct.Card.49 %t
