%t426 = add <4 x i32> %t424, %t425
%t432 = mul <4 x i32> %t430, %t431
%t448 = insertelement <4 x i64> poison, i64 %t447, i32 0
%t449 = shufflevector <4 x i64> %t448, <4 x i64> poison, <4 x i32> zeroinitializer
%t461 = icmp slt <4 x i32> %t459, %t460
%t462 = zext <4 x i1> %t461 to <4 x i8>
%t483 = call i1 @llvm.vector.reduce.or.v4i1(<4 x i1> %t482)
br i1 %t483, label %div.zero.484, label %ok.485
%t490 = sdiv <4 x i32> %t480, %t489
%t504 = fadd <4 x float> %t502, %t503
declare i8 @llvm.vector.reduce.or.v4i8(<4 x i8>)
declare i8 @llvm.vector.reduce.and.v4i8(<4 x i8>)
declare float @llvm.vector.reduce.fadd.v4float(float, <4 x float>)
declare float @llvm.vector.reduce.fmax.v4float(<4 x float>)
declare i1 @llvm.vector.reduce.or.v4i1(<4 x i1>)
define float @loke.p.core$3asimd.reduce_add.4.f32(<4 x float> %arg0)
%t409 = select <4 x i1> %t408, <4 x i32> %t406, <4 x i32> %t407
define [4 x i32] @loke.p.core$3asimd.to_array.4.i32(<4 x i32> %arg0)
