L0253
@9:29
a generic argument is positional
L0253
@10:24
a generic argument is positional
L0253
@10:32
a generic argument is positional
L0243
@12:29
an operator needs a procedure body
L0245
@15:6
an initial statement declares a variable
L0245
@16:7
an initial statement declares a variable
L0245
@17:10
an initial statement declares a variable
L0209
@19:12
expected `;` after the declaration
