L0486
@16:2
an extension block cannot add `drop`
L0363
@14:18
has no field or member `doubled`
L0408
@15:18
has no member `doubled`
L0363
@17:18
has no field or member `private_sum`
L0408
@18:18
has no member `private_sum`
L0335
@21:18
package `vendor` has no declaration `sum`
L0335
@22:18
package `adapter` has no declaration `init`
L0318
@24:21
`+` does not apply to `Vector2` and `Vector2`
