L0471
@9:14
field `secret` of `Account` is not public, so it cannot be used here
declared here; add `@(public)` to export it
L0471
@10:2
L0472
@11:40
is not public, so it cannot be measured with `offset_of` here
L0473
@15:34
is not public, so it cannot be initialised here
L0474
@16:34
is not public, so it cannot be initialised positionally here
L0308
@26:16
is not public, so it cannot be bound by a destructuring declaration here
L0308
@27:12
is not public, so it cannot be bound by a destructuring declaration here
L0452
@33:51
this descriptor does not describe `Account`
